// Jest Snapshot v1, https://goo.gl/fbAQLP

exports[`Components Button should render without issues 1`] = `
<ForwardRef
  disabled={false}
  onPress={[Function]}
  style={
    Array [
      Object {
        "alignItems": "center",
        "borderRadius": 93.5,
        "flexDirection": "row",
        "height": 93.5,
        "justifyContent": "center",
        "marginBottom": 40,
        "paddingHorizontal": 20,
        "paddingVertical": 10,
        "width": 525,
      },
      undefined,
    ]
  }
>
  <Text>
    Button children
  </Text>
</ForwardRef>
`;
