// Jest Snapshot v1, https://goo.gl/fbAQLP

exports[`Components Actions renders correctly across screens 1`] = `
<Fragment>
  <Button
    buttonTheme="dark"
    disabled={true}
    onPress={[Function]}
    testID="check-entry"
  >
    <Text
      style={
        Array [
          Object {
            "color": "#f9fafb",
            "fontFamily": "SourceSansPro-SemiBold",
            "fontSize": 30,
            "fontWeight": "600",
            "letterSpacing": 0.4,
            "textAlign": "center",
            "textTransform": "uppercase",
          },
          Object {
            "color": "#777e91",
          },
        ]
      }
    >
      Eingabe überprüfen
    </Text>
  </Button>
  <Button
    buttonTheme="light"
    onPress={[Function]}
    testID="give-up"
  >
    <Text
      style={
        Object {
          "color": "#000e38",
          "fontFamily": "SourceSansPro-SemiBold",
          "fontSize": 30,
          "fontWeight": "600",
          "letterSpacing": 0.4,
          "textAlign": "center",
          "textTransform": "uppercase",
        }
      }
    >
      Lösung anzeigen
    </Text>
  </Button>
  <Button
    onPress={[Function]}
    testID="try-later"
  >
    <Text
      style={
        Object {
          "color": "#000e38",
          "fontFamily": "SourceSansPro-SemiBold",
          "fontSize": 30,
          "fontWeight": "600",
          "letterSpacing": 0.4,
          "textAlign": "center",
          "textTransform": "uppercase",
        }
      }
    >
      Später versuchen
    </Text>
    <SvgrURL
      style={
        Object {
          "marginLeft": 5,
        }
      }
    />
  </Button>
</Fragment>
`;
