// Jest Snapshot v1, https://goo.gl/fbAQLP

exports[`Components Actions renders correctly across screens 1`] = `
<Fragment>
  <Button
    buttonTheme="dark"
    disabled={true}
    onPress={[Function]}
    testID="check-entry"
  >
    <Styled(Text)
      styledInput=""
    >
      Eingabe überprüfen
    </Styled(Text)>
  </Button>
  <Button
    buttonTheme="light"
    onPress={[Function]}
    testID="give-up"
  >
    <Styled(Text)>
      Lösung anzeigen
    </Styled(Text)>
  </Button>
  <Button
    onPress={[Function]}
    testID="try-later"
  >
    <Styled(Text)>
      Später versuchen
    </Styled(Text)>
    <Styled(SvgrURL) />
  </Button>
</Fragment>
`;
