// Jest Snapshot v1, https://goo.gl/fbAQLP

exports[`Components Header renders correctly across screens 1`] = `
<Styled(View)
  testID="header"
  top={5}
>
  <Styled(View)>
    <Styled(View)>
      <SvgrURL />
    </Styled(View)>
    <Styled(View)>
      <SvgrURL />
    </Styled(View)>
    <Styled(View)>
      <SvgrURL />
    </Styled(View)>
    <Styled(View)>
      <SvgrURL />
    </Styled(View)>
    <Styled(View)>
      <SvgrURL />
    </Styled(View)>
  </Styled(View)>
</Styled(View)>
`;
