// Jest Snapshot v1, https://goo.gl/fbAQLP

exports[`Components Loading  renders correctly across screens 1`] = `
<Styled(View)>
  <Styled(View)>
    <ActivityIndicator
      animating={true}
      color="#000e38"
      hidesWhenStopped={true}
      size="large"
    />
  </Styled(View)>
</Styled(View)>
`;
