// Jest Snapshot v1, https://goo.gl/fbAQLP

exports[`Components MenuItem renders correctly across screens 1`] = `
<Styled(Pressable)
  onPress={[Function]}
  selected={false}
>
  <Styled(View)>
    <Styled(Image)
      source={
        Object {
          "uri": "",
        }
      }
    />
    <View>
      <Styled(Text)
        selected={false}
        testID="title"
      />
      <Text>
        description
      </Text>
    </View>
  </Styled(View)>
  <SvgrURL
    fill="#000e38"
    testID="arrow"
  />
</Styled(Pressable)>
`;
